[PB Info 2026-Jun-02 02:54:12] ------------------------------------------------------------------------------
[PB Info 2026-Jun-02 02:54:12] ||                 Parabricks accelerated Genomics Pipeline                 ||
[PB Info 2026-Jun-02 02:54:12] ||                              Version 4.7.0-1                             ||
[PB Info 2026-Jun-02 02:54:12] ||                         GPU-GATK4 HaplotypeCaller                        ||
[PB Info 2026-Jun-02 02:54:12] ------------------------------------------------------------------------------
[PB Info 2026-Jun-02 02:54:24] 0 /data/outdir/HG002_ML150002521_UDB-386_1.fq2bam.4gpu.bam1.vcf
[PB Info 2026-Jun-02 02:54:24] ProgressMeter -	Current-Locus	Elapsed-Minutes	Regions-Processed	Regions/Minute
[PB Info 2026-Jun-02 02:54:34] chr2:42849601	0.2	271319	1627902
[PB Info 2026-Jun-02 02:54:44] chr2:91411201	0.3	536238	1608711
[PB Info 2026-Jun-02 02:54:54] chr2:139200001	0.5	796789	1593576
[PB Info 2026-Jun-02 02:55:04] chr2:185836801	0.7	1053887	1580830
[PB Info 2026-Jun-02 02:55:14] chr2:228739201	0.8	1299384	1559259
[PB Info 2026-Jun-02 02:55:24] chr3:26784001	1.0	1529334	1529333
[PB Info 2026-Jun-02 02:55:34] chr3:65616001	1.2	1749876	1499893
[PB Info 2026-Jun-02 02:55:44] chr3:93470401	1.3	1979565	1484673
[PB Info 2026-Jun-02 02:55:54] chr3:141475201	1.5	2163985	1442656
[PB Info 2026-Jun-02 02:56:04] chr3:186499201	1.7	2422784	1453670
[PB Info 2026-Jun-02 02:56:14] chr6:25329601	1.8	2651598	1446324
[PB Info 2026-Jun-02 02:56:24] chr6:73243201	2.0	2887550	1443775
[PB Info 2026-Jun-02 02:56:34] chr6:115636801	2.2	3127576	1443496
[PB Info 2026-Jun-02 02:56:44] chr6:158865601	2.3	3360216	1440092
[PB Info 2026-Jun-02 02:56:54] chr7:23774401	2.5	3570657	1428262
[PB Info 2026-Jun-02 02:57:04] chr7:60940801	2.7	3776944	1416354
[PB Info 2026-Jun-02 02:57:14] chr7:97665601	2.8	3987376	1407309
[PB Info 2026-Jun-02 02:57:24] chr7:137073601	3.0	4205264	1401754
[PB Info 2026-Jun-02 02:57:34] chr8:15254401	3.2	4417672	1395054
[PB Info 2026-Jun-02 02:57:44] chr8:55526401	3.3	4641690	1392507
[PB Info 2026-Jun-02 02:57:54] chr8:99345601	3.5	4864504	1389858
[PB Info 2026-Jun-02 02:58:04] chr8:137164801	3.7	5091173	1388501
[PB Info 2026-Jun-02 02:58:14] chr10:26140801	3.8	5293149	1380820
[PB Info 2026-Jun-02 02:58:24] chr10:41904001	4.0	5449766	1362441
[PB Info 2026-Jun-02 02:58:34] chr10:82041601	4.2	5626581	1350379
[PB Info 2026-Jun-02 02:58:44] chr10:126249601	4.3	5867380	1354010
[PB Info 2026-Jun-02 02:58:54] chr12:32193601	4.5	6103143	1356254
[PB Info 2026-Jun-02 02:59:04] chr12:74433601	4.7	6341349	1358860
[PB Info 2026-Jun-02 02:59:14] chr12:118084801	4.8	6581523	1361694
[PB Info 2026-Jun-02 02:59:24] chr15:42724801	5.0	6804922	1360984
[PB Info 2026-Jun-02 02:59:34] chr15:82084801	5.2	7023828	1359450
[PB Info 2026-Jun-02 02:59:44] chr17:16444801	5.3	7226638	1354994
[PB Info 2026-Jun-02 02:59:54] chr17:30902401	5.5	7383124	1342385
[PB Info 2026-Jun-02 03:00:04] chr19:8409601	5.7	7618577	1344454
[PB Info 2026-Jun-02 03:00:14] chr19:48571201	5.8	7832848	1342773
[PB Info 2026-Jun-02 03:00:24] chr20:28512001	6.0	8038814	1339802
[PB Info 2026-Jun-02 03:00:34] chr20:31056001	6.2	8123110	1317261
[PB Info 2026-Jun-02 03:00:44] chr22:11040001	6.3	8254355	1303319
[PB Info 2026-Jun-02 03:00:54] chr22:44985601	6.5	8436173	1297872
[PB Info 2026-Jun-02 03:01:04] chrM:1	6.7	8466045	1269906
[PB Info 2026-Jun-02 03:01:14] chrUn_KI270467v1:1	6.8	8495378	1243226
[PB Info 2026-Jun-02 03:01:24] chr6_GL000255v2_alt:2606401	7.0	8568650	1224092
[PB Info 2026-Jun-02 03:01:34] chrUn_KN707896v1_decoy:4801	7.2	8568650	1195625
[PB Info 2026-Jun-02 03:01:44] chrUn_KN707896v1_decoy:9601	7.3	8568650	1168452
[PB Info 2026-Jun-02 03:01:54] chrUn_KN707896v1_decoy:9601	7.5	8568650	1142486
[PB Info 2026-Jun-02 03:02:04] HLA-DRB1*09:21:4801	7.7	8568650	1117650
[PB Info 2026-Jun-02 03:02:14] Total time taken: 470.311300
[PB Info 2026-Jun-02 03:02:14] ------------------------------------------------------------------------------
[PB Info 2026-Jun-02 03:02:14] ||        Program:                         GPU-GATK4 HaplotypeCaller        ||
[PB Info 2026-Jun-02 03:02:14] ||        Version:                                           4.7.0-1        ||
[PB Info 2026-Jun-02 03:02:14] ||        Start Time:                       Tue Jun  2 02:54:12 2026        ||
[PB Info 2026-Jun-02 03:02:14] ||        End Time:                         Tue Jun  2 03:02:14 2026        ||
[PB Info 2026-Jun-02 03:02:14] ||        Total Time:                            8 minutes 2 seconds        ||
[PB Info 2026-Jun-02 03:02:14] ------------------------------------------------------------------------------
