[PB Info 2026-Jun-01 14:59:17] ------------------------------------------------------------------------------
[PB Info 2026-Jun-01 14:59:17] ||                 Parabricks accelerated Genomics Pipeline                 ||
[PB Info 2026-Jun-01 14:59:17] ||                              Version 4.7.0-1                             ||
[PB Info 2026-Jun-01 14:59:17] ||                      GPU-PBBWA mem, Sorting Phase-I                      ||
[PB Info 2026-Jun-01 14:59:17] ------------------------------------------------------------------------------
[PB Info 2026-Jun-01 14:59:17] Mode = pair-ended-gpu
[PB Info 2026-Jun-01 14:59:17] Running with 2 GPU(s), using 2 stream(s) per device with 2 group(s) of 48 CPU worker thread(s)
[PB Info 2026-Jun-01 14:59:27] # 20  0  1  0  0   3 pool:  0 0 bases/GPU/minute: 0.0 
[PB Info 2026-Jun-01 14:59:37] # 20  0  1  0  0   0 pool:  1 905660239 bases/GPU/minute: 2716980717.0 
[PB Info 2026-Jun-01 14:59:47] # 20  0  1  0  0   0 pool:  2 1722736859 bases/GPU/minute: 2451229860.0 
[PB Info 2026-Jun-01 14:59:57] # 20  0  2  0  0   0 pool:  2 2539810336 bases/GPU/minute: 2451220431.0 
[PB Info 2026-Jun-01 15:00:07] # 20  0  3  0  0   0 pool:  1 3337190917 bases/GPU/minute: 2392141743.0 
[PB Info 2026-Jun-01 15:00:17] # 20  0  3  0  0   0 pool:  2 4144418114 bases/GPU/minute: 2421681591.0 
[PB Info 2026-Jun-01 15:00:27] # 20  0  3  0  0   0 pool:  1 4931952582 bases/GPU/minute: 2362603404.0 
[PB Info 2026-Jun-01 15:00:37] # 20  0  3  0  0   0 pool:  2 5739172267 bases/GPU/minute: 2421659055.0 
[PB Info 2026-Jun-01 15:00:47] # 20  0  3  0  0   0 pool:  2 6536565057 bases/GPU/minute: 2392178370.0 
[PB Info 2026-Jun-01 15:00:57] # 20  0  3  0  0   0 pool:  2 7324093160 bases/GPU/minute: 2362584309.0 
[PB Info 2026-Jun-01 15:01:07] # 20  0  3  0  0   0 pool:  2 8101790330 bases/GPU/minute: 2333091510.0 
[PB Info 2026-Jun-01 15:01:17] # 20  0  3  0  0   0 pool:  2 8889320823 bases/GPU/minute: 2362591479.0 
[PB Info 2026-Jun-01 15:01:27] # 20  0  3  0  0   0 pool:  2 9676871870 bases/GPU/minute: 2362653141.0 
[PB Info 2026-Jun-01 15:01:37] # 20  0  3  0  0   0 pool:  2 10464408912 bases/GPU/minute: 2362611126.0 
[PB Info 2026-Jun-01 15:01:47] # 20  0  3  0  0   0 pool:  2 11242095919 bases/GPU/minute: 2333061021.0 
[PB Info 2026-Jun-01 15:01:57] # 20  0  3  0  0   0 pool:  2 12029617087 bases/GPU/minute: 2362563504.0 
[PB Info 2026-Jun-01 15:02:07] # 20  0  3  0  0   0 pool:  2 12817136984 bases/GPU/minute: 2362559691.0 
[PB Info 2026-Jun-01 15:02:17] # 20  0  3  0  0   0 pool:  2 13594818106 bases/GPU/minute: 2333043366.0 
[PB Info 2026-Jun-01 15:02:27] # 20  0  3  0  0   0 pool:  1 14352824264 bases/GPU/minute: 2274018474.0 
[PB Info 2026-Jun-01 15:02:37] # 20  0  3  0  0   0 pool:  2 15150197449 bases/GPU/minute: 2392119555.0 
[PB Info 2026-Jun-01 15:02:47] # 20  0  2  0  0   0 pool:  2 15918040970 bases/GPU/minute: 2303530563.0 
[PB Info 2026-Jun-01 15:02:57] # 20  0  3  0  0   0 pool:  2 16685902895 bases/GPU/minute: 2303585775.0 
[PB Info 2026-Jun-01 15:03:07] # 20  0  3  0  0   0 pool:  2 17453733060 bases/GPU/minute: 2303490495.0 
[PB Info 2026-Jun-01 15:03:17] # 20  0  3  0  0   0 pool:  1 18211745560 bases/GPU/minute: 2274037500.0 
[PB Info 2026-Jun-01 15:03:27] # 20  0  3  0  0   0 pool:  2 18979586753 bases/GPU/minute: 2303523579.0 
[PB Info 2026-Jun-01 15:03:37] # 20  0  3  0  0   0 pool:  2 19737605949 bases/GPU/minute: 2274057588.0 
[PB Info 2026-Jun-01 15:03:47] # 20  0  3  0  0   0 pool:  1 20495588419 bases/GPU/minute: 2273947410.0 
[PB Info 2026-Jun-01 15:03:57] # 20  0  3  0  0   0 pool:  2 21263430928 bases/GPU/minute: 2303527527.0 
[PB Info 2026-Jun-01 15:04:07] # 20  0  3  0  0   0 pool:  1 22011581986 bases/GPU/minute: 2244453174.0 
[PB Info 2026-Jun-01 15:04:17] # 20  0  3  0  0   0 pool:  2 22769602586 bases/GPU/minute: 2274061800.0 
[PB Info 2026-Jun-01 15:04:27] # 20  0  3  0  0   0 pool:  2 23527605060 bases/GPU/minute: 2274007422.0 
[PB Info 2026-Jun-01 15:04:37] # 20  0  3  0  0   0 pool:  1 24285603918 bases/GPU/minute: 2273996574.0 
[PB Info 2026-Jun-01 15:04:47] # 20  0  2  0  0   0 pool:  2 25053469627 bases/GPU/minute: 2303597127.0 
[PB Info 2026-Jun-01 15:04:57] # 20  0  3  0  0   0 pool:  2 25811464959 bases/GPU/minute: 2273985996.0 
[PB Info 2026-Jun-01 15:05:07] # 20  0  3  0  0   0 pool:  1 26569448848 bases/GPU/minute: 2273951667.0 
[PB Info 2026-Jun-01 15:05:17] # 20  0  3  0  0   0 pool:  2 27327446679 bases/GPU/minute: 2273993493.0 
[PB Info 2026-Jun-01 15:05:27] # 20  0  3  0  0   0 pool:  2 28075609372 bases/GPU/minute: 2244488079.0 
[PB Info 2026-Jun-01 15:05:37] # 20  0  3  0  0   0 pool:  2 28833622942 bases/GPU/minute: 2274040710.0 
[PB Info 2026-Jun-01 15:05:47] # 20  0  3  0  0   0 pool:  0 29581787226 bases/GPU/minute: 2244492852.0 
[PB Info 2026-Jun-01 15:05:57] # 20  0  3  0  0   0 pool:  2 30349639629 bases/GPU/minute: 2303557209.0 
[PB Info 2026-Jun-01 15:06:07] # 20  0  3  0  0   0 pool:  1 31087944595 bases/GPU/minute: 2214914898.0 
[PB Info 2026-Jun-01 15:06:17] # 20  0  3  0  0   0 pool:  2 31845941500 bases/GPU/minute: 2273990715.0 
[PB Info 2026-Jun-01 15:06:27] # 20  0  3  0  0   0 pool:  2 32603948709 bases/GPU/minute: 2274021627.0 
[PB Info 2026-Jun-01 15:06:37] # 20  0  3  0  0   0 pool:  2 33361954433 bases/GPU/minute: 2274017172.0 
[PB Info 2026-Jun-01 15:06:47] # 20  0  3  0  0   0 pool:  2 34129800426 bases/GPU/minute: 2303537979.0 
[PB Info 2026-Jun-01 15:06:57] # 20  0  3  0  0   0 pool:  2 34897673180 bases/GPU/minute: 2303618262.0 
[PB Info 2026-Jun-01 15:07:07] # 20  0  3  0  0   0 pool:  1 35655692148 bases/GPU/minute: 2274056904.0 
[PB Info 2026-Jun-01 15:07:17] # 20  0  3  0  0   0 pool:  2 36423559032 bases/GPU/minute: 2303600652.0 
[PB Info 2026-Jun-01 15:07:27] # 20  0  3  0  0   0 pool:  2 37191428782 bases/GPU/minute: 2303609250.0 
[PB Info 2026-Jun-01 15:07:37] # 20  0  3  0  0   0 pool:  1 37959280680 bases/GPU/minute: 2303555694.0 
[PB Info 2026-Jun-01 15:07:47] # 20  0  3  0  0   0 pool:  2 38727139315 bases/GPU/minute: 2303575905.0 
[PB Info 2026-Jun-01 15:07:57] # 20  0  3  0  0   0 pool:  2 39475305171 bases/GPU/minute: 2244497568.0 
[PB Info 2026-Jun-01 15:08:07] # 20  0  3  0  0   0 pool:  2 40213644465 bases/GPU/minute: 2215017882.0 
[PB Info 2026-Jun-01 15:08:17] # 20  0  3  0  0   0 pool:  2 40981487896 bases/GPU/minute: 2303530293.0 
[PB Info 2026-Jun-01 15:08:27] # 20  0  3  0  0   0 pool:  1 41739499409 bases/GPU/minute: 2274034539.0 
[PB Info 2026-Jun-01 15:08:37] # 20  0  3  0  0   0 pool:  2 42497498004 bases/GPU/minute: 2273995785.0 
[PB Info 2026-Jun-01 15:08:47] # 20  0  3  0  0   0 pool:  3 43255506108 bases/GPU/minute: 2274024312.0 
[PB Info 2026-Jun-01 15:08:57] # 20  0  3  0  0   0 pool:  3 44023380449 bases/GPU/minute: 2303623023.0 
[PB Info 2026-Jun-01 15:09:07] # 20  0  3  0  0   0 pool:  3 44781419387 bases/GPU/minute: 2274116814.0 
[PB Info 2026-Jun-01 15:09:17] # 20  0  3  0  0   0 pool:  2 45539415219 bases/GPU/minute: 2273987496.0 
[PB Info 2026-Jun-01 15:09:27] # 20  0  3  0  0   0 pool:  3 46307254475 bases/GPU/minute: 2303517768.0 
[PB Info 2026-Jun-01 15:09:37] # 20  0  3  0  0   0 pool:  2 47065282203 bases/GPU/minute: 2274083184.0 
[PB Info 2026-Jun-01 15:09:47] # 20  0  3  0  0   0 pool:  3 47852813918 bases/GPU/minute: 2362595145.0 
[PB Info 2026-Jun-01 15:09:57] # 20  0  3  0  0   0 pool:  3 48630493952 bases/GPU/minute: 2333040102.0 
[PB Info 2026-Jun-01 15:10:07] # 20  0  3  0  0   0 pool:  2 49408187454 bases/GPU/minute: 2333080506.0 
[PB Info 2026-Jun-01 15:10:17] # 20  0  3  0  0   0 pool:  3 50195722857 bases/GPU/minute: 2362606209.0 
[PB Info 2026-Jun-01 15:10:27] # 20  0  3  0  0   0 pool:  3 50973405083 bases/GPU/minute: 2333046678.0 
[PB Info 2026-Jun-01 15:10:37] # 20  0  3  0  0   0 pool:  3 51751100181 bases/GPU/minute: 2333085294.0 
[PB Info 2026-Jun-01 15:10:47] # 20  0  3  0  0   0 pool:  3 52538630513 bases/GPU/minute: 2362590996.0 
[PB Info 2026-Jun-01 15:10:57] # 20  0  3  0  0   0 pool:  3 53316312200 bases/GPU/minute: 2333045061.0 
[PB Info 2026-Jun-01 15:11:07] # 20  0  3  0  0   0 pool:  3 54084167326 bases/GPU/minute: 2303565378.0 
[PB Info 2026-Jun-01 15:11:17] # 20  0  3  0  0   0 pool:  3 54852011198 bases/GPU/minute: 2303531616.0 
[PB Info 2026-Jun-01 15:11:27] # 20  0  3  0  0   0 pool:  3 55610036263 bases/GPU/minute: 2274075195.0 
[PB Info 2026-Jun-01 15:11:37] # 20  0  3  0  0   0 pool:  2 56358193525 bases/GPU/minute: 2244471786.0 
[PB Info 2026-Jun-01 15:11:47] # 20  0  3  0  0   0 pool:  3 57135889791 bases/GPU/minute: 2333088798.0 
[PB Info 2026-Jun-01 15:11:57] # 20  0  3  0  0   0 pool:  3 57893892840 bases/GPU/minute: 2274009147.0 
[PB Info 2026-Jun-01 15:12:07] # 20  0  3  0  0   0 pool:  3 58661737273 bases/GPU/minute: 2303533299.0 
[PB Info 2026-Jun-01 15:12:17] # 20  0  3  0  0   0 pool:  3 59429573553 bases/GPU/minute: 2303508840.0 
[PB Info 2026-Jun-01 15:12:27] # 20  0  3  0  0   0 pool:  3 60177722456 bases/GPU/minute: 2244446709.0 
[PB Info 2026-Jun-01 15:12:37] # 20  0  3  0  0   0 pool:  3 60955408565 bases/GPU/minute: 2333058327.0 
[PB Info 2026-Jun-01 15:12:47] # 20  0  3  0  0   0 pool:  3 61723242061 bases/GPU/minute: 2303500488.0 
[PB Info 2026-Jun-01 15:12:57] # 20  0  3  0  0   0 pool:  3 62500945361 bases/GPU/minute: 2333109900.0 
[PB Info 2026-Jun-01 15:13:07] # 20  0  3  0  0   0 pool:  3 63288461297 bases/GPU/minute: 2362547808.0 
[PB Info 2026-Jun-01 15:13:17] # 20  0  3  0  0   0 pool:  3 64056294279 bases/GPU/minute: 2303498946.0 
[PB Info 2026-Jun-01 15:13:27] # 20  0  3  0  0   0 pool:  3 64824143601 bases/GPU/minute: 2303547966.0 
[PB Info 2026-Jun-01 15:13:37] # 20  0  3  0  0   0 pool:  3 65601835123 bases/GPU/minute: 2333074566.0 
[PB Info 2026-Jun-01 15:13:47] # 20  0  3  0  0   0 pool:  2 66359830868 bases/GPU/minute: 2273987235.0 
[PB Info 2026-Jun-01 15:13:57] # 20  0  2  0  0   0 pool:  3 67137525435 bases/GPU/minute: 2333083701.0 
[PB Info 2026-Jun-01 15:14:07] # 20  0  3  0  0   0 pool:  2 67915211245 bases/GPU/minute: 2333057430.0 
[PB Info 2026-Jun-01 15:14:17] # 20  0  3  0  0   0 pool:  3 68673211917 bases/GPU/minute: 2274002016.0 
[PB Info 2026-Jun-01 15:14:27] # 20  0  3  0  0   0 pool:  3 69441052717 bases/GPU/minute: 2303522400.0 
[PB Info 2026-Jun-01 15:14:37] # 20  0  3  0  0   0 pool:  3 70208892770 bases/GPU/minute: 2303520159.0 
[PB Info 2026-Jun-01 15:14:47] # 20  0  3  0  0   0 pool:  3 70957047596 bases/GPU/minute: 2244464478.0 
[PB Info 2026-Jun-01 15:14:57] # 20  0  3  0  0   0 pool:  3 71715079067 bases/GPU/minute: 2274094413.0 
[PB Info 2026-Jun-01 15:15:07] # 20  0  3  0  0   0 pool:  3 72492776384 bases/GPU/minute: 2333091951.0 
[PB Info 2026-Jun-01 15:15:17] # 20  0  3  0  0   0 pool:  3 73240922253 bases/GPU/minute: 2244437607.0 
[PB Info 2026-Jun-01 15:15:27] # 20  0  3  0  0   0 pool:  2 74018632324 bases/GPU/minute: 2333130213.0 
[PB Info 2026-Jun-01 15:15:37] # 20  0  3  0  0   0 pool:  3 74776624730 bases/GPU/minute: 2273977218.0 
[PB Info 2026-Jun-01 15:15:47] # 20  0  3  0  0   0 pool:  3 75544469378 bases/GPU/minute: 2303533944.0 
[PB Info 2026-Jun-01 15:15:57] # 20  0  3  0  0   0 pool:  2 76302479495 bases/GPU/minute: 2274030351.0 
[PB Info 2026-Jun-01 15:16:07] # 20  0  2  0  0   0 pool:  3 77060487981 bases/GPU/minute: 2274025458.0 
[PB Info 2026-Jun-01 15:16:17] # 20  0  3  0  0   0 pool:  3 77818486577 bases/GPU/minute: 2273995788.0 
[PB Info 2026-Jun-01 15:16:27] # 20  0  3  0  0   0 pool:  2 78586320798 bases/GPU/minute: 2303502663.0 
[PB Info 2026-Jun-01 15:16:37] # 20  0  3  0  0   0 pool:  3 79364008910 bases/GPU/minute: 2333064336.0 
[PB Info 2026-Jun-01 15:16:47] # 20  0  3  0  0   0 pool:  3 80131848294 bases/GPU/minute: 2303518152.0 
[PB Info 2026-Jun-01 15:16:57] # 20  0  3  0  0   0 pool:  3 80909554109 bases/GPU/minute: 2333117445.0 
[PB Info 2026-Jun-01 15:17:07] # 20  0  3  0  0   0 pool:  3 81677402826 bases/GPU/minute: 2303546151.0 
[PB Info 2026-Jun-01 15:17:17] # 20  0  3  0  0   0 pool:  3 82455095343 bases/GPU/minute: 2333077551.0 
[PB Info 2026-Jun-01 15:17:27] # 20  0  2  0  0   0 pool:  3 83222935651 bases/GPU/minute: 2303520924.0 
[PB Info 2026-Jun-01 15:17:37] # 20  0  3  0  0   0 pool:  3 83990790585 bases/GPU/minute: 2303564802.0 
[PB Info 2026-Jun-01 15:17:47] # 20  0  3  0  0   0 pool:  3 84748792573 bases/GPU/minute: 2274005964.0 
[PB Info 2026-Jun-01 15:17:57] # 20  0  3  0  0   0 pool:  3 85516629232 bases/GPU/minute: 2303509977.0 
[PB Info 2026-Jun-01 15:18:07] # 20  0  3  0  0   0 pool:  3 86264777698 bases/GPU/minute: 2244445398.0 
[PB Info 2026-Jun-01 15:18:17] # 20  0  3  0  0   0 pool:  3 87022782659 bases/GPU/minute: 2274014883.0 
[PB Info 2026-Jun-01 15:18:27] # 20  0  3  0  0   0 pool:  2 87780784311 bases/GPU/minute: 2274004956.0 
[PB Info 2026-Jun-01 15:18:37] # 20  0  3  0  0   0 pool:  3 88548621199 bases/GPU/minute: 2303510664.0 
[PB Info 2026-Jun-01 15:18:47] # 20  0  3  0  0   0 pool:  3 89306614762 bases/GPU/minute: 2273980689.0 
[PB Info 2026-Jun-01 15:18:57] # 20  0  3  0  0   0 pool:  2 90084298383 bases/GPU/minute: 2333050863.0 
[PB Info 2026-Jun-01 15:19:07] # 20  0  3  0  0   0 pool:  3 90852142168 bases/GPU/minute: 2303531355.0 
[PB Info 2026-Jun-01 15:19:17] # 20  0  3  0  0   0 pool:  3 91619999205 bases/GPU/minute: 2303571111.0 
[PB Info 2026-Jun-01 15:19:27] # 20  0  2  0  0   0 pool:  2 92378039950 bases/GPU/minute: 2274122235.0 
[PB Info 2026-Jun-01 15:19:37] # 20  0  3  0  0   0 pool:  3 93126195568 bases/GPU/minute: 2244466854.0 
[PB Info 2026-Jun-01 15:19:47] # 20  0  3  0  0   0 pool:  3 93894028067 bases/GPU/minute: 2303497497.0 
[PB Info 2026-Jun-01 15:19:57] # 20  0  3  0  0   0 pool:  3 94642170649 bases/GPU/minute: 2244427746.0 
[PB Info 2026-Jun-01 15:20:07] # 20  0  3  0  0   0 pool:  3 95390322948 bases/GPU/minute: 2244456897.0 
[PB Info 2026-Jun-01 15:20:17] # 20  0  3  0  0   0 pool:  3 96148322780 bases/GPU/minute: 2273999496.0 
[PB Info 2026-Jun-01 15:20:27] # 20  0  2  0  0   0 pool:  3 96906316763 bases/GPU/minute: 2273981949.0 
[PB Info 2026-Jun-01 15:20:37] # 20  0  3  0  0   0 pool:  3 97674147379 bases/GPU/minute: 2303491848.0 
[PB Info 2026-Jun-01 15:20:47] # 20  0  3  0  0   0 pool:  3 98422300560 bases/GPU/minute: 2244459543.0 
[PB Info 2026-Jun-01 15:20:57] # 20  0  3  0  0   0 pool:  2 99170463504 bases/GPU/minute: 2244488832.0 
[PB Info 2026-Jun-01 15:21:07] # 20  0  3  0  0   0 pool:  3 99928466115 bases/GPU/minute: 2274007833.0 
[PB Info 2026-Jun-01 15:21:17] # 20  0  3  0  0   0 pool:  3 100686468883 bases/GPU/minute: 2274008304.0 
[PB Info 2026-Jun-01 15:21:27] # 20  0  3  0  0   0 pool:  3 101434628555 bases/GPU/minute: 2244479016.0 
[PB Info 2026-Jun-01 15:21:37] # 20  0  3  0  0   0 pool:  2 102182772948 bases/GPU/minute: 2244433179.0 
[PB Info 2026-Jun-01 15:21:47] # 20  0  3  0  0   0 pool:  3 102930903962 bases/GPU/minute: 2244393042.0 
[PB Info 2026-Jun-01 15:21:57] # 20  0  3  0  0   0 pool:  3 103669192477 bases/GPU/minute: 2214865545.0 
[PB Info 2026-Jun-01 15:22:07] # 20  0  3  0  0   0 pool:  1 104417318071 bases/GPU/minute: 2244376782.0 
[PB Info 2026-Jun-01 15:22:13] Time spent reading: 78.774973 seconds
[PB Info 2026-Jun-01 15:22:17] #  0  0  0  0  0   0 pool: 20 105144020670 bases/GPU/minute: 2180107797.0 
[PB Info 2026-Jun-01 15:22:27] Rate stats (based on sampling every 10 seconds):
	min rate: 0.0 bases/GPU/minute
	max rate: 2716980717.0 bases/GPU/minute
	avg rate: 2285739579.8 bases/GPU/minute
[PB Info 2026-Jun-01 15:22:27] Time spent monitoring (multiple of 10): 1390.025
[PB Info 2026-Jun-01 15:22:27] bwalib run finished in 1381.173 seconds
[PB Info 2026-Jun-01 15:22:27] ------------------------------------------------------------------------------
[PB Info 2026-Jun-01 15:22:27] ||        Program:                    GPU-PBBWA mem, Sorting Phase-I        ||
[PB Info 2026-Jun-01 15:22:27] ||        Version:                                           4.7.0-1        ||
[PB Info 2026-Jun-01 15:22:27] ||        Start Time:                       Mon Jun  1 14:59:17 2026        ||
[PB Info 2026-Jun-01 15:22:27] ||        End Time:                         Mon Jun  1 15:22:27 2026        ||
[PB Info 2026-Jun-01 15:22:27] ||        Total Time:                          23 minutes 10 seconds        ||
[PB Info 2026-Jun-01 15:22:27] ------------------------------------------------------------------------------
[PB Info 2026-Jun-01 15:22:30] ------------------------------------------------------------------------------
[PB Info 2026-Jun-01 15:22:30] ||                 Parabricks accelerated Genomics Pipeline                 ||
[PB Info 2026-Jun-01 15:22:30] ||                              Version 4.7.0-1                             ||
[PB Info 2026-Jun-01 15:22:30] ||                             Sorting Phase-II                             ||
[PB Info 2026-Jun-01 15:22:30] ------------------------------------------------------------------------------
[PB Info 2026-Jun-01 15:22:30] progressMeter - Percentage
[PB Info 2026-Jun-01 15:22:30] 0.0
[PB Info 2026-Jun-01 15:22:35] 23.8
[PB Info 2026-Jun-01 15:22:40] 55.8
[PB Info 2026-Jun-01 15:22:45] 89.5
[PB Info 2026-Jun-01 15:22:50] Sorting and Marking: 20.001 seconds
[PB Info 2026-Jun-01 15:22:50] ------------------------------------------------------------------------------
[PB Info 2026-Jun-01 15:22:50] ||        Program:                                  Sorting Phase-II        ||
[PB Info 2026-Jun-01 15:22:50] ||        Version:                                           4.7.0-1        ||
[PB Info 2026-Jun-01 15:22:50] ||        Start Time:                       Mon Jun  1 15:22:30 2026        ||
[PB Info 2026-Jun-01 15:22:50] ||        End Time:                         Mon Jun  1 15:22:50 2026        ||
[PB Info 2026-Jun-01 15:22:50] ||        Total Time:                                     20 seconds        ||
[PB Info 2026-Jun-01 15:22:50] ------------------------------------------------------------------------------
[PB Info 2026-Jun-01 15:22:50] ------------------------------------------------------------------------------
[PB Info 2026-Jun-01 15:22:50] ||                 Parabricks accelerated Genomics Pipeline                 ||
[PB Info 2026-Jun-01 15:22:50] ||                              Version 4.7.0-1                             ||
[PB Info 2026-Jun-01 15:22:50] ||                         Marking Duplicates, BQSR                         ||
[PB Info 2026-Jun-01 15:22:50] ------------------------------------------------------------------------------
[PB Info 2026-Jun-01 15:22:50] CuBamWriter using CUDA device 1
[PB Info 2026-Jun-01 15:22:51] Using PBCuBamWriter for BAM writing (algo 1)
[PB Info 2026-Jun-01 15:22:51] progressMeter -	Percentage
[PB Info 2026-Jun-01 15:23:01] 14.3
[PB Info 2026-Jun-01 15:23:11] 28.9
[PB Info 2026-Jun-01 15:23:21] 43.7
[PB Info 2026-Jun-01 15:23:31] 58.6
[PB Info 2026-Jun-01 15:23:41] 72.2
[PB Info 2026-Jun-01 15:23:51] 79.3
[PB Info 2026-Jun-01 15:24:01] 85.1
[PB Info 2026-Jun-01 15:24:11] 94.3
[PB Info 2026-Jun-01 15:24:21] 100.0
[PB Info 2026-Jun-01 15:24:22] BQSR and writing final BAM:  90.498 seconds
[PB Info 2026-Jun-01 15:24:22] ------------------------------------------------------------------------------
[PB Info 2026-Jun-01 15:24:22] ||        Program:                          Marking Duplicates, BQSR        ||
[PB Info 2026-Jun-01 15:24:22] ||        Version:                                           4.7.0-1        ||
[PB Info 2026-Jun-01 15:24:22] ||        Start Time:                       Mon Jun  1 15:22:50 2026        ||
[PB Info 2026-Jun-01 15:24:22] ||        End Time:                         Mon Jun  1 15:24:22 2026        ||
[PB Info 2026-Jun-01 15:24:22] ||        Total Time:                            1 minute 32 seconds        ||
[PB Info 2026-Jun-01 15:24:22] ------------------------------------------------------------------------------
