[PB Info 2026-Jun-01 16:35:04] ------------------------------------------------------------------------------
[PB Info 2026-Jun-01 16:35:04] ||                 Parabricks accelerated Genomics Pipeline                 ||
[PB Info 2026-Jun-01 16:35:04] ||                              Version 4.7.0-1                             ||
[PB Info 2026-Jun-01 16:35:04] ||                         GPU-GATK4 HaplotypeCaller                        ||
[PB Info 2026-Jun-01 16:35:04] ------------------------------------------------------------------------------
[PB Info 2026-Jun-01 16:35:15] 0 /data/outdir/HG002_ML150002521_UDB-386_1.fq2bam.2gpu.bam0.vcf
[PB Info 2026-Jun-01 16:35:15] ProgressMeter -	Current-Locus	Elapsed-Minutes	Regions-Processed	Regions/Minute
[PB Info 2026-Jun-01 16:35:25] chr1:39417601	0.2	248598	1491588
[PB Info 2026-Jun-01 16:35:35] chr1:91492801	0.3	542679	1628034
[PB Info 2026-Jun-01 16:35:45] chr1:122524801	0.5	717506	1435012
[PB Info 2026-Jun-01 16:35:55] chr1:125179201	0.7	758578	1137867
[PB Info 2026-Jun-01 16:36:05] chr1:125179201	0.8	822223	986667
[PB Info 2026-Jun-01 16:36:15] chr1:205358401	1.0	1091833	1091833
[PB Info 2026-Jun-01 16:36:25] chr2:3724801	1.2	1349219	1156473
[PB Info 2026-Jun-01 16:36:35] chr2:49262401	1.3	1608045	1206033
[PB Info 2026-Jun-01 16:36:45] chr2:89827201	1.5	1845910	1230606
[PB Info 2026-Jun-01 16:36:55] chr2:138926401	1.7	2090968	1254580
[PB Info 2026-Jun-01 16:37:05] chr2:183345601	1.8	2337849	1275190
[PB Info 2026-Jun-01 16:37:15] chr2:225585601	2.0	2578780	1289390
[PB Info 2026-Jun-01 16:37:25] chr3:23640001	2.2	2811374	1297557
[PB Info 2026-Jun-01 16:37:35] chr3:66057601	2.3	3048732	1306599
[PB Info 2026-Jun-01 16:37:45] chr3:93470401	2.5	3284105	1313642
[PB Info 2026-Jun-01 16:37:55] chr3:126960001	2.7	3529722	1323645
[PB Info 2026-Jun-01 16:38:05] chr3:192993601	2.8	3762607	1327978
[PB Info 2026-Jun-01 16:38:15] chr4:37569601	3.0	4009884	1336628
[PB Info 2026-Jun-01 16:38:25] chr4:49104001	3.2	4158075	1313076
[PB Info 2026-Jun-01 16:38:35] chr4:102048001	3.3	4384413	1315323
[PB Info 2026-Jun-01 16:38:45] chr4:144844801	3.5	4632508	1323573
[PB Info 2026-Jun-01 16:38:55] chr4:188107201	3.7	4875408	1329656
[PB Info 2026-Jun-01 16:39:05] chr5:37483201	3.8	5107589	1332414
[PB Info 2026-Jun-01 16:39:15] chr5:72052801	4.0	5301771	1325442
[PB Info 2026-Jun-01 16:39:25] chr5:119985601	4.2	5549730	1331935
[PB Info 2026-Jun-01 16:39:35] chr5:162547201	4.3	5792943	1336833
[PB Info 2026-Jun-01 16:39:45] chr6:22488001	4.5	6023204	1338489
[PB Info 2026-Jun-01 16:39:55] chr6:69480001	4.7	6266509	1342823
[PB Info 2026-Jun-01 16:40:05] chr6:111556801	4.8	6505527	1345971
[PB Info 2026-Jun-01 16:40:15] chr6:156393601	5.0	6725546	1345109
[PB Info 2026-Jun-01 16:40:25] chr7:22684801	5.2	6966673	1348388
[PB Info 2026-Jun-01 16:40:35] chr7:62563201	5.3	7193289	1348741
[PB Info 2026-Jun-01 16:40:45] chr7:105417601	5.5	7428822	1350694
[PB Info 2026-Jun-01 16:40:55] chr7:149942401	5.7	7674359	1354298
[PB Info 2026-Jun-01 16:41:05] chr8:25934401	5.8	7889054	1352409
[PB Info 2026-Jun-01 16:41:15] chr8:73070401	6.0	8135090	1355848
[PB Info 2026-Jun-01 16:41:25] chr8:116990401	6.2	8370242	1357336
[PB Info 2026-Jun-01 16:41:35] chr9:9897601	6.3	8596027	1357267
[PB Info 2026-Jun-01 16:41:45] chr9:62832001	6.5	8817854	1356592
[PB Info 2026-Jun-01 16:41:55] chr9:104582401	6.7	9047670	1357150
[PB Info 2026-Jun-01 16:42:05] chr10:6436801	6.8	9276022	1357466
[PB Info 2026-Jun-01 16:42:15] chr10:38918401	7.0	9486694	1355242
[PB Info 2026-Jun-01 16:42:25] chr10:63292801	7.2	9614850	1341606
[PB Info 2026-Jun-01 16:42:35] chr10:105801601	7.3	9855615	1343947
[PB Info 2026-Jun-01 16:42:45] chr11:6950401	7.5	10073407	1343120
[PB Info 2026-Jun-01 16:42:55] chr11:52862401	7.7	10320552	1346158
[PB Info 2026-Jun-01 16:43:05] chr11:96206401	7.8	10559966	1348080
[PB Info 2026-Jun-01 16:43:15] chr12:998401	8.0	10788425	1348553
[PB Info 2026-Jun-01 16:43:25] chr12:39806401	8.2	11018395	1349191
[PB Info 2026-Jun-01 16:43:35] chr12:80860801	8.3	11243991	1349278
[PB Info 2026-Jun-01 16:43:45] chr12:121228801	8.5	11466779	1349032
[PB Info 2026-Jun-01 16:43:55] chr13:34003201	8.7	11654194	1344714
[PB Info 2026-Jun-01 16:44:05] chr13:74630401	8.8	11887384	1345741
[PB Info 2026-Jun-01 16:44:15] chr14:16094401	9.0	12111038	1345670
[PB Info 2026-Jun-01 16:44:25] chr14:56112001	9.2	12335776	1345721
[PB Info 2026-Jun-01 16:44:35] chr14:97348801	9.3	12564636	1346211
[PB Info 2026-Jun-01 16:44:45] chr15:54854401	9.5	12804003	1347789
[PB Info 2026-Jun-01 16:44:55] chr15:95486401	9.7	13036226	1348575
[PB Info 2026-Jun-01 16:45:05] chr16:28612801	9.8	13252102	1347671
[PB Info 2026-Jun-01 16:45:15] chr16:34574401	10.0	13382331	1338233
[PB Info 2026-Jun-01 16:45:25] chr16:34579201	10.2	13520278	1329863
[PB Info 2026-Jun-01 16:45:35] chr16:34579201	10.3	13648303	1320803
[PB Info 2026-Jun-01 16:45:45] chr16:49291201	10.5	13742661	1308824
[PB Info 2026-Jun-01 16:45:55] chr17:61896001	10.7	13989604	1311525
[PB Info 2026-Jun-01 16:46:05] chr18:7579201	10.8	14168155	1307829
[PB Info 2026-Jun-01 16:46:15] chr18:79358401	11.0	14420749	1310977
[PB Info 2026-Jun-01 16:46:25] chr19:41160001	11.2	14650330	1311969
[PB Info 2026-Jun-01 16:46:35] chr20:25550401	11.3	14884841	1313368
[PB Info 2026-Jun-01 16:46:45] chr20:31051201	11.5	14930411	1298296
[PB Info 2026-Jun-01 16:46:55] chr21:7257601	11.7	15103467	1294582
[PB Info 2026-Jun-01 16:47:05] chr21:20232001	11.8	15204632	1284898
[PB Info 2026-Jun-01 16:47:15] chr22:12691201	12.0	15338364	1278197
[PB Info 2026-Jun-01 16:47:25] chrX:5092801	12.2	15583867	1280865
[PB Info 2026-Jun-01 16:47:35] chrX:99830401	12.3	16025649	1299376
[PB Info 2026-Jun-01 16:47:45] chrY:11011201	12.5	16342329	1307386
[PB Info 2026-Jun-01 16:47:55] chrM:14401	12.7	16360454	1291614
[PB Info 2026-Jun-01 16:48:05] chr14_GL000225v1_random:67201	12.8	16378298	1276231
[PB Info 2026-Jun-01 16:48:15] chrUn_KI270442v1:288001	13.0	16392634	1260971
[PB Info 2026-Jun-01 16:48:25] chrUn_KI270438v1:100801	13.2	16403682	1245849
[PB Info 2026-Jun-01 16:48:35] chrUn_KI270743v1:38401	13.3	16557513	1241813
[PB Info 2026-Jun-01 16:48:45] chrUn_KN707828v1_decoy:1	13.5	16575968	1227849
[PB Info 2026-Jun-01 16:48:55] chrUn_KN707896v1_decoy:4801	13.7	16579805	1213156
[PB Info 2026-Jun-01 16:49:05] chrUn_KN707896v1_decoy:4801	13.8	16579805	1198540
[PB Info 2026-Jun-01 16:49:15] HLA-DRB1*13:01:01:9601	14.0	16579805	1184271
[PB Info 2026-Jun-01 16:49:25] Total time taken: 850.372203
[PB Info 2026-Jun-01 16:49:25] ------------------------------------------------------------------------------
[PB Info 2026-Jun-01 16:49:25] ||        Program:                         GPU-GATK4 HaplotypeCaller        ||
[PB Info 2026-Jun-01 16:49:25] ||        Version:                                           4.7.0-1        ||
[PB Info 2026-Jun-01 16:49:25] ||        Start Time:                       Mon Jun  1 16:35:04 2026        ||
[PB Info 2026-Jun-01 16:49:25] ||        End Time:                         Mon Jun  1 16:49:25 2026        ||
[PB Info 2026-Jun-01 16:49:25] ||        Total Time:                          14 minutes 21 seconds        ||
[PB Info 2026-Jun-01 16:49:25] ------------------------------------------------------------------------------
